// Vitest Snapshot v1, https://vitest.dev/guide/snapshot.html

exports[`TheFooter > matches snapshot 1`] = `"<footer class="flex items-center justify-end border-t-4 border-red-700 bg-deep-blue-900 px-5 py-2 lg:px-8 lg:py-4"><!----><span class="font-oswald text-base md:text-lg font-medium text-amber-50"><!---->made with ❤️ by Gabriela M. Restani</span><!----></footer>"`;
